\BOOKMARK [0][]{nom.0}{Nomenklatur}{}% 1
\BOOKMARK [0][]{chapter.1}{1 Einleitung}{}% 2
\BOOKMARK [0][]{chapter.2}{2 Grundlagen}{}% 3
\BOOKMARK [1][]{section.2.1}{2.1 Unterkapitel Gliederungsebene 2}{chapter.2}% 4
\BOOKMARK [2][]{subsection.2.1.1}{2.1.1 Unterkapitel Gliederungsebene 3}{section.2.1}% 5
\BOOKMARK [0][]{chapter.3}{3 Experimentelle Vorgehensweise}{}% 6
\BOOKMARK [0][]{chapter.4}{4 Ergebnisse}{}% 7
\BOOKMARK [0][]{chapter.5}{5 Diskussion}{}% 8
\BOOKMARK [1][]{section.5.1}{5.1 Unterkapitel}{chapter.5}% 9
\BOOKMARK [2][]{subsection.5.1.1}{5.1.1 Unterkapitel}{section.5.1}% 10
\BOOKMARK [0][]{chapter.6}{6 Zusammenfassung}{}% 11
\BOOKMARK [0][]{appendix.A}{A erster Anhang}{}% 12
\BOOKMARK [0][]{appendix.B}{B zweiter Anhang}{}% 13
